---
source: components/markdown/tests/markdown.rs
expression: body
---
<p><a class="external" rel="noopener external" target="_blank" href="https://google.com">https://google.com</a></p>
