---
source: components/markdown/tests/markdown.rs
expression: body
---
<p><a class="external" rel="external" href="https://google.com">https://google.com</a></p>
